../Core/Src/inv_mpu_dmp_motion_driver.c:513:5:dmp_load_motion_driver_firmware	8	static
../Core/Src/inv_mpu_dmp_motion_driver.c:526:5:dmp_set_orientation	40	static
../Core/Src/inv_mpu_dmp_motion_driver.c:581:5:dmp_set_gyro_bias	80	static
../Core/Src/inv_mpu_dmp_motion_driver.c:633:5:dmp_set_accel_bias	112	static
../Core/Src/inv_mpu_dmp_motion_driver.c:685:5:dmp_set_fifo_rate	40	static
../Core/Src/inv_mpu_dmp_motion_driver.c:711:5:dmp_get_fifo_rate	16	static
../Core/Src/inv_mpu_dmp_motion_driver.c:723:5:dmp_set_tap_thresh	32	static
../Core/Src/inv_mpu_dmp_motion_driver.c:789:5:dmp_set_tap_axes	24	static
../Core/Src/inv_mpu_dmp_motion_driver.c:807:5:dmp_set_tap_count	24	static
../Core/Src/inv_mpu_dmp_motion_driver.c:825:5:dmp_set_tap_time	24	static
../Core/Src/inv_mpu_dmp_motion_driver.c:841:5:dmp_set_tap_time_multi	24	static
../Core/Src/inv_mpu_dmp_motion_driver.c:859:5:dmp_set_shake_reject_thresh	24	static
../Core/Src/inv_mpu_dmp_motion_driver.c:878:5:dmp_set_shake_reject_time	24	static
../Core/Src/inv_mpu_dmp_motion_driver.c:896:5:dmp_set_shake_reject_timeout	24	static
../Core/Src/inv_mpu_dmp_motion_driver.c:911:5:dmp_get_pedometer_step_count	24	static
../Core/Src/inv_mpu_dmp_motion_driver.c:932:5:dmp_set_pedometer_step_count	24	static
../Core/Src/inv_mpu_dmp_motion_driver.c:948:5:dmp_get_pedometer_walk_time	24	static
../Core/Src/inv_mpu_dmp_motion_driver.c:968:5:dmp_set_pedometer_walk_time	24	static
../Core/Src/inv_mpu_dmp_motion_driver.c:998:5:dmp_enable_feature	32	static
../Core/Src/inv_mpu_dmp_motion_driver.c:1120:5:dmp_get_enabled_features	16	static
../Core/Src/inv_mpu_dmp_motion_driver.c:1135:5:dmp_enable_gyro_cal	40	static
../Core/Src/inv_mpu_dmp_motion_driver.c:1153:5:dmp_enable_lp_quat	24	static
../Core/Src/inv_mpu_dmp_motion_driver.c:1177:5:dmp_enable_6x_lp_quat	24	static
../Core/Src/inv_mpu_dmp_motion_driver.c:1198:12:decode_gesture	24	static
../Core/Src/inv_mpu_dmp_motion_driver.c:1230:5:dmp_set_interrupt_mode	40	static
../Core/Src/inv_mpu_dmp_motion_driver.c:1269:5:dmp_read_fifo	80	static
../Core/Src/inv_mpu_dmp_motion_driver.c:1362:5:dmp_register_tap_cb	16	static
../Core/Src/inv_mpu_dmp_motion_driver.c:1373:5:dmp_register_android_orient_cb	16	static
