../Core/Src/inv_mpu.c:685:12:set_int_enable	24	static
../Core/Src/inv_mpu.c:717:5:mpu_reg_dump	16	static
../Core/Src/inv_mpu.c:739:5:mpu_read_reg	16	static
../Core/Src/inv_mpu.c:761:5:mpu_init	16	static
../Core/Src/inv_mpu.c:892:5:mpu_lp_accel_mode	24	static
../Core/Src/inv_mpu.c:976:5:mpu_get_gyro_reg	24	static
../Core/Src/inv_mpu.c:999:5:mpu_get_accel_reg	24	static
../Core/Src/inv_mpu.c:1022:5:mpu_get_temperature	24	static
../Core/Src/inv_mpu.c:1047:5:mpu_set_accel_bias	48	static
../Core/Src/inv_mpu.c:1096:5:mpu_reset_fifo	16	static
../Core/Src/inv_mpu.c:1158:5:mpu_get_gyro_fsr	16	static
../Core/Src/inv_mpu.c:1185:5:mpu_set_gyro_fsr	24	static
../Core/Src/inv_mpu.c:1222:5:mpu_get_accel_fsr	16	static
../Core/Src/inv_mpu.c:1250:5:mpu_set_accel_fsr	24	static
../Core/Src/inv_mpu.c:1287:5:mpu_get_lpf	16	static
../Core/Src/inv_mpu.c:1323:5:mpu_set_lpf	24	static
../Core/Src/inv_mpu.c:1356:5:mpu_get_sample_rate	16	static
../Core/Src/inv_mpu.c:1371:5:mpu_set_sample_rate	24	static
../Core/Src/inv_mpu.c:1418:5:mpu_get_compass_sample_rate	16	static
../Core/Src/inv_mpu.c:1440:5:mpu_set_compass_sample_rate	16	static
../Core/Src/inv_mpu.c:1462:5:mpu_get_gyro_sens	16	static
../Core/Src/inv_mpu.c:1488:5:mpu_get_accel_sens	16	static
../Core/Src/inv_mpu.c:1520:5:mpu_get_fifo_config	16	static
../Core/Src/inv_mpu.c:1535:5:mpu_configure_fifo	24	static
../Core/Src/inv_mpu.c:1577:5:mpu_get_power_state	16	static
../Core/Src/inv_mpu.c:1596:5:mpu_set_sensors	24	static
../Core/Src/inv_mpu.c:1673:5:mpu_get_int_status	24	static
../Core/Src/inv_mpu.c:1702:5:mpu_read_fifo	48	static
../Core/Src/inv_mpu.c:1783:5:mpu_read_fifo_stream	32	static
../Core/Src/inv_mpu.c:1821:5:mpu_set_bypass	24	static
../Core/Src/inv_mpu.c:1871:5:mpu_set_int_level	16	static
../Core/Src/inv_mpu.c:1883:5:mpu_set_int_latched	24	static
../Core/Src/inv_mpu.c:1904:12:get_accel_prod_shift	32	static
../Core/Src/inv_mpu.c:1929:12:accel_self_test	48	static
../Core/Src/inv_mpu.c:1949:12:gyro_self_test	40	static
../Core/Src/inv_mpu.c:2033:12:get_st_biases	256	static
../Core/Src/inv_mpu.c:2173:5:mpu_run_self_test	64	static
../Core/Src/inv_mpu.c:2275:5:mpu_write_mem	24	static
../Core/Src/inv_mpu.c:2308:5:mpu_read_mem	24	static
../Core/Src/inv_mpu.c:2340:5:mpu_load_firmware	48	static
../Core/Src/inv_mpu.c:2381:5:mpu_set_dmp_state	24	static
../Core/Src/inv_mpu.c:2420:5:mpu_get_dmp_state	16	static
../Core/Src/inv_mpu.c:2428:5:setup_compass	4	static
../Core/Src/inv_mpu.c:2539:5:mpu_get_compass_reg	16	static
../Core/Src/inv_mpu.c:2592:5:mpu_get_compass_fsr	16	static
../Core/Src/inv_mpu.c:2646:5:mpu_lp_motion_interrupt	32	static
../Core/Src/inv_mpu.c:2866:9:run_self_test	48	static
../Core/Src/inv_mpu.c:2893:16:inv_orientation_matrix_to_scalar	24	static
../Core/Src/inv_mpu.c:2914:16:inv_row_2_scale	24	static
../Core/Src/inv_mpu.c:2935:6:mget_ms	16	static
../Core/Src/inv_mpu.c:2942:9:mpu_dmp_init	16	static
../Core/Src/inv_mpu.c:2977:9:mpu_dmp_get_data	96	static
