../Core/Src/main.c:82:5:__io_putchar	16	static
../Core/Src/main.c:94:9:read16	40	static
../Core/Src/main.c:102:5:main	32	static
../Core/Src/main.c:297:6:SystemClock_Config	88	static
../Core/Src/main.c:351:13:MX_I2C1_Init	8	static
../Core/Src/main.c:385:13:MX_TIM1_Init	80	static
../Core/Src/main.c:454:13:MX_TIM2_Init	56	static
../Core/Src/main.c:503:13:MX_TIM4_Init	56	static
../Core/Src/main.c:552:13:MX_USART2_UART_Init	8	static
../Core/Src/main.c:585:13:MX_GPIO_Init	40	static
../Core/Src/main.c:621:6:Error_Handler	4	static,ignoring_inline_asm
